src/app/(app)/create/page.tsx(206,26): error TS2339: Property 'subtitle' does not exist on type '{ icon: ForwardRefExoticComponent<Omit<LucideProps, "ref"> & RefAttributes<SVGSVGElement>>; label: string; }'.
src/app/(app)/create/page.tsx(302,81): error TS2339: Property 'subtitle' does not exist on type '{ icon: ForwardRefExoticComponent<Omit<LucideProps, "ref"> & RefAttributes<SVGSVGElement>>; label: string; }'.
src/app/(app)/dashboard/event/[id]/page.tsx(6,24): error TS2305: Module '"@/services/eventService"' has no exported member 'getEventAttendees'.
src/app/(app)/dashboard/event/[id]/page.tsx(6,43): error TS2305: Module '"@/services/eventService"' has no exported member 'updateAttendeeStatus'.
src/app/(app)/dashboard/event/[id]/page.tsx(6,65): error TS2305: Module '"@/services/eventService"' has no exported member 'EventAttendee'.
src/app/(app)/dashboard/event/[id]/scan/page.tsx(6,24): error TS2305: Module '"@/services/eventService"' has no exported member 'getEventAttendees'.
src/app/(app)/dashboard/event/[id]/scan/page.tsx(6,43): error TS2305: Module '"@/services/eventService"' has no exported member 'updateAttendeeStatus'.
src/app/(app)/dashboard/event/[id]/scan/page.tsx(6,65): error TS2305: Module '"@/services/eventService"' has no exported member 'EventAttendee'.
src/app/(app)/dashboard/event/[id]/scan/page.tsx(33,96): error TS7006: Parameter 'v' implicitly has an 'any' type.
src/app/(app)/feed/page.tsx(451,48): error TS2339: Property 'skills' does not exist on type 'UserProfile'.
src/app/(app)/home/page.tsx(407,112): error TS2769: No overload matches this call.
  Overload 1 of 4, '(value: string | number | Date): Date', gave the following error.
    Argument of type 'Timestamp' is not assignable to parameter of type 'string | number | Date'.
      Type 'Timestamp' is missing the following properties from type 'Date': toDateString, toTimeString, toLocaleDateString, toLocaleTimeString, and 36 more.
  Overload 2 of 4, '(value: string | number): Date', gave the following error.
    Argument of type 'Timestamp' is not assignable to parameter of type 'string | number'.
src/app/(app)/home/page.tsx(408,112): error TS2769: No overload matches this call.
  Overload 1 of 4, '(value: string | number | Date): Date', gave the following error.
    Argument of type 'Timestamp' is not assignable to parameter of type 'string | number | Date'.
      Type 'Timestamp' is missing the following properties from type 'Date': toDateString, toTimeString, toLocaleDateString, toLocaleTimeString, and 36 more.
  Overload 2 of 4, '(value: string | number): Date', gave the following error.
    Argument of type 'Timestamp' is not assignable to parameter of type 'string | number'.
src/app/(app)/leaderboard/page.tsx(34,18): error TS2345: Argument of type '{ totalUsers: number; totalHours: number; totalDonated: number; }' is not assignable to parameter of type 'SetStateAction<{ totalAttendees: number; totalHours: number; totalDonated: number; }>'.
  Property 'totalAttendees' is missing in type '{ totalUsers: number; totalHours: number; totalDonated: number; }' but required in type '{ totalAttendees: number; totalHours: number; totalDonated: number; }'.
src/app/(app)/profile/page.tsx(303,25): error TS2339: Property 'skills' does not exist on type 'UserProfile'.
src/app/(app)/profile/page.tsx(306,31): error TS2339: Property 'availability' does not exist on type 'UserProfile'.
src/app/(app)/profile/page.tsx(364,9): error TS2353: Object literal may only specify known properties, and 'skills' does not exist in type 'Partial<UserProfile>'.
src/app/(app)/profile/page.tsx(699,28): error TS2339: Property 'skills' does not exist on type 'UserProfile'.
src/app/(app)/profile/page.tsx(699,46): error TS2339: Property 'skills' does not exist on type 'UserProfile'.
src/app/(app)/profile/page.tsx(701,32): error TS2339: Property 'skills' does not exist on type 'UserProfile'.
src/app/(app)/profile/page.tsx(701,44): error TS7006: Parameter 'skill' implicitly has an 'any' type.
src/app/(app)/profile/page.tsx(701,51): error TS7006: Parameter 'idx' implicitly has an 'any' type.
src/app/(app)/profile/page.tsx(761,23): error TS2339: Property 'availability' does not exist on type 'UserProfile'.
src/app/(app)/profile/page.tsx(761,47): error TS2339: Property 'availability' does not exist on type 'UserProfile'.
src/app/(app)/profile/page.tsx(775,74): error TS2339: Property 'availability' does not exist on type 'UserProfile'.
src/app/(marketing)/page.tsx(363,40): error TS2339: Property 'totalAttendees' does not exist on type '{ totalUsers: number; totalHours: number; totalDonated: number; }'.
src/app/(marketing)/page.tsx(364,50): error TS2339: Property 'totalAttendees' does not exist on type '{ totalUsers: number; totalHours: number; totalDonated: number; }'.
src/components/AIChatWidget.tsx(82,32): error TS2339: Property 'skills' does not exist on type 'UserProfile'.
src/components/AIChatWidget.tsx(83,35): error TS2339: Property 'equipment' does not exist on type 'UserProfile'.
src/components/AIChatWidget.tsx(84,38): error TS2339: Property 'availability' does not exist on type 'UserProfile'.
src/components/AIChatWidget.tsx(85,38): error TS2339: Property 'travelRadius' does not exist on type 'UserProfile'.
src/components/EngagementLeaderboard.tsx(4,10): error TS2305: Module '"@/services/eventService"' has no exported member 'getEventAttendees'.
src/components/EngagementLeaderboard.tsx(4,29): error TS2305: Module '"@/services/eventService"' has no exported member 'EventAttendee'.
src/components/PillNavbar.tsx(81,150): error TS2322: Type '"system"' is not assignable to type 'NotificationType'.
src/components/StaggeredNav.tsx(70,11): error TS2322: Type '"system"' is not assignable to type 'NotificationType'.
src/context/AuthContext.tsx(56,15): error TS2353: Object literal may only specify known properties, and 'skills' does not exist in type 'UserProfileCreate'.
src/services/eventService.ts(80,94): error TS2769: No overload matches this call.
  Overload 1 of 4, '(value: string | number | Date): Date', gave the following error.
    Argument of type 'Timestamp' is not assignable to parameter of type 'string | number | Date'.
      Type 'Timestamp' is missing the following properties from type 'Date': toDateString, toTimeString, toLocaleDateString, toLocaleTimeString, and 36 more.
  Overload 2 of 4, '(value: string | number): Date', gave the following error.
    Argument of type 'Timestamp' is not assignable to parameter of type 'string | number'.
src/services/eventService.ts(81,94): error TS2769: No overload matches this call.
  Overload 1 of 4, '(value: string | number | Date): Date', gave the following error.
    Argument of type 'Timestamp' is not assignable to parameter of type 'string | number | Date'.
      Type 'Timestamp' is missing the following properties from type 'Date': toDateString, toTimeString, toLocaleDateString, toLocaleTimeString, and 36 more.
  Overload 2 of 4, '(value: string | number): Date', gave the following error.
    Argument of type 'Timestamp' is not assignable to parameter of type 'string | number'.
